// Jest Snapshot v1, https://goo.gl/fbAQLP

exports[`render renders successfully 1`] = `
<div
  className="row"
>
  <div
    className="offset-by-two eight columns error-response"
  >
    <i
      className="material-icons descriptor-icon"
    >
      error
    </i>
    <br />
    reason
  </div>
</div>
`;
