// Jest Snapshot v1, https://goo.gl/fbAQLP

exports[`render renders successfully 1`] = `
Array [
  <div
    className="row"
  >
    <div
      className="offset-by-two eight columns"
    >
      <div
        className="warning1"
      >
        Warning!
      </div>
    </div>
  </div>,
  <div
    className="row"
  >
    <div
      className="offset-by-two eight columns"
    >
      <div
        className="warning2"
      >
        This operation is not reversible.
      </div>
    </div>
  </div>,
  <div
    className="row"
  >
    <div
      className="offset-by-two eight columns"
    >
      <form
        id="click-me-form"
        method="POST"
      >
        <input
          id="click-me-text-input"
          name="email"
          placeholder="you@domain.com"
          readOnly={true}
          type="email"
          value={null}
        />
        <br />
        <input
          id="click-me-button"
          onClick={[Function]}
          type="submit"
          value="Confirm delete"
        />
      </form>
    </div>
  </div>,
]
`;
