// Jest Snapshot v1, https://goo.gl/fbAQLP

exports[`render renders successfully 1`] = `
Array [
  <div
    className="row"
  >
    <div
      className="offset-by-two eight columns"
    >
      <form
        className="input-then-button-layout"
        id="new-email-form"
        method="POST"
      >
        <input
          onClick={[Function]}
          type="submit"
          value="â†©"
        />
        <span
          className="submit-span"
        >
          <input
            className="email-input"
            id="new-email-input"
            name="email"
            onChange={[Function]}
            placeholder="you@domain.com"
            type="email"
            value=""
          />
        </span>
      </form>
    </div>
  </div>,
  <div
    className="row"
  >
    <div
      className="offset-by-two eight columns"
    />
  </div>,
]
`;
