// Jest Snapshot v1, https://goo.gl/fbAQLP

exports[`render renders successfully 1`] = `
<div
  className="row faq-container"
>
  <div
    className="offset-by-two eight columns faq-question"
  >
    <details>
      <summary>
        summary
      </summary>
      <p>
        content
      </p>
    </details>
  </div>
</div>
`;
